/boot/dtb
/boot/bootmap
/boot/grub2/fonts/unicode.pf2
/boot/grub2/grubenv
/etc/.pwd.lock
/etc/.updated
/etc/alternatives/apropos
/etc/alternatives/apropos.1.gz
/etc/alternatives/cifs-idmap-plugin
/etc/alternatives/libnssckbi.so
/etc/alternatives/libnssckbi.so.x86_64
/etc/alternatives/libnssckbi.so.ppc64le
/etc/alternatives/man
/etc/alternatives/man.1.gz
/etc/alternatives/soelim
/etc/alternatives/soelim.1.gz
/etc/alternatives/whatis
/etc/alternatives/whatis.1.gz
/etc/cloud/cloud-init.disabled
/etc/group-
/etc/grub.d/00_tuned
/etc/gshadow-
/etc/kernel/cmdline
/etc/motd.d/insights-client
/etc/passwd-
/etc/resolv.conf
/etc/shadow-
/etc/ssh/ssh_host_ecdsa_key
/etc/ssh/ssh_host_ecdsa_key.pub
/etc/ssh/ssh_host_ed25519_key
/etc/ssh/ssh_host_ed25519_key.pub
/etc/ssh/ssh_host_rsa_key
/etc/ssh/ssh_host_rsa_key.pub
/etc/sysconfig/kernel
/etc/sysconfig/network
/etc/systemd/system/basic.target.wants/microcode.service
/etc/systemd/system/cloud-init.target.wants/cloud-config.service
/etc/systemd/system/cloud-init.target.wants/cloud-final.service
/etc/systemd/system/cloud-init.target.wants/cloud-init-local.service
/etc/systemd/system/cloud-init.target.wants/cloud-init.service
/etc/systemd/system/ctrl-alt-del.target
/etc/systemd/system/dbus-org.freedesktop.nm-dispatcher.service
/etc/systemd/system/dbus.service
/etc/systemd/system/default.target
/etc/systemd/system/dev-virtio\x2dports-org.qemu.guest_agent.0.device.wants/qemu-guest-agent.service
/etc/systemd/system/getty.target.wants/getty@tty1.service
/etc/systemd/system/multi-user.target.wants/NetworkManager.service
/etc/systemd/system/multi-user.target.wants/auditd.service
/etc/systemd/system/multi-user.target.wants/chronyd.service
/etc/systemd/system/multi-user.target.wants/crond.service
/etc/systemd/system/multi-user.target.wants/insights-client-boot.service
/etc/systemd/system/multi-user.target.wants/irqbalance.service
/etc/systemd/system/multi-user.target.wants/kdump.service
/etc/systemd/system/multi-user.target.wants/nfs-client.target
/etc/systemd/system/multi-user.target.wants/remote-fs.target
/etc/systemd/system/multi-user.target.wants/rhsmcertd.service
/etc/systemd/system/multi-user.target.wants/rpcbind.service
/etc/systemd/system/multi-user.target.wants/rsyslog.service
/etc/systemd/system/multi-user.target.wants/sshd.service
/etc/systemd/system/multi-user.target.wants/sssd.service
/etc/systemd/system/multi-user.target.wants/tuned.service
/etc/systemd/system/multi-user.target.wants/cpi.service
/etc/systemd/system/sysinit.target.wants/device_cio_free.service
/etc/systemd/system/NetworkManager.service.wants/hcn-init.service
/etc/systemd/system/multi-user.target.wants/opal-prd.service
/etc/systemd/system/multi-user.target.wants/rtas_errd.service
/etc/systemd/system/network-online.target.wants/NetworkManager-wait-online.service
/etc/systemd/system/remote-fs.target.wants/nfs-client.target
/etc/systemd/system/sockets.target.wants/dbus.socket
/etc/systemd/system/sockets.target.wants/rpcbind.socket
/etc/systemd/system/sockets.target.wants/sssd-kcm.socket
/etc/systemd/system/sysinit.target.wants/nis-domainname.service
/etc/systemd/system/sysinit.target.wants/selinux-autorelabel-mark.service
/etc/systemd/system/sysinit.target.wants/systemd-network-generator.service
/etc/systemd/system/timers.target.wants/dnf-makecache.timer
/etc/systemd/system/timers.target.wants/logrotate.timer
/etc/systemd/user/basic.target.wants/systemd-tmpfiles-setup.service
/etc/systemd/user/dbus.service
/etc/systemd/user/sockets.target.wants/dbus.socket
/etc/systemd/user/timers.target.wants/systemd-tmpfiles-clean.timer
/root/.ssh/authorized_keys
/usr/lib64/p11-kit-trust.so
/usr/share/glib-2.0/schemas/gschemas.compiled
/etc/yum.repos.d/eng.repo
/etc/yum.repos.d/beaker-AppStream.repo
/etc/yum.repos.d/beaker-BaseOS.repo
/etc/nsswitch.conf.bak
/etc/subgid-
/etc/subuid-
/etc/sudoers.d/90-cloud-init-users
/etc/sysconfig/network-scripts/ifcfg-eth0
/etc/udev/rules.d/70-persistent-net.rules
/etc/NetworkManager/conf.d/99-cloud-init.conf
/etc/NetworkManager/system-connections/cloud-init-eth0.nmconnection
