.M.......  g /var/spool/anacron/cron.daily
.M.......  g /var/spool/anacron/cron.monthly
.M.......  g /var/spool/anacron/cron.weekly
.M....G..  g /var/log/lastlog
.M.......  g /var/log/btmp
.M.......  g /etc/udev/hwdb.bin
.M.......  g /var/lib/systemd/random-seed
..5....T.  c /etc/dnf/plugins/product-id.conf
..5....T.  c /etc/dnf/plugins/subscription-manager.conf
.......T.    /boot/efi/EFI/BOOT/BOOTX64.EFI
.......T.    /boot/efi/EFI/BOOT/fbx64.efi
.......T.    /boot/efi/EFI/redhat/BOOTX64.CSV
.......T.    /boot/efi/EFI/redhat/mmx64.efi
.......T.    /boot/efi/EFI/redhat/shim.efi
.......T.    /boot/efi/EFI/redhat/shimx64-redhat.efi
.......T.    /boot/efi/EFI/redhat/shimx64.efi
.......T.    /boot/efi/EFI/redhat/grubx64.efi
.M.....T.    /boot/grub2/fonts/unicode.pf2
S.5....T.  c /etc/NetworkManager/NetworkManager.conf
S.5....T.  c /etc/ssh/sshd_config
.M.......    /boot/grub2/fonts/unicode.pf2
.M.......  c /boot/grub2/grub.cfg
.M.......  c /etc/machine-id
..5....T.  c /var/lib/powerpc-utils/smt.state
.M.......  g /root/.bash_logout
.M.......  g /root/.bash_profile
.M.......  g /root/.bashrc
.M.......  g /root/.cshrc
.M.......  g /root/.tcshrc
.......T.    /boot/efi/EFI/BOOT/BOOTAA64.EFI
.......T.    /boot/efi/EFI/BOOT/fbaa64.efi
.......T.    /boot/efi/EFI/redhat/BOOTAA64.CSV
.......T.    /boot/efi/EFI/redhat/mmaa64.efi
.......T.    /boot/efi/EFI/redhat/shimaa64-redhat.efi
.......T.    /boot/efi/EFI/redhat/shimaa64.efi
