.M.......  g /usr/sbin/ifdown
.M.......  g /usr/sbin/ifup
..5....T.  c /etc/yum/pluginconf.d/product-id.conf
..5....T.  c /etc/yum/pluginconf.d/subscription-manager.conf
S.5....T.  c /etc/ssh/sshd_config
.M.......  g /boot/initramfs-3.10.0-933.el7.x86_64.img
S.5....T.  c /etc/sudoers
S.5....T.  c /etc/systemd/logind.conf
.M.......  g /var/log/dmesg
S.5....T.  c /etc/sysconfig/authconfig
.M.......  g /etc/pki/ca-trust/extracted/java/cacerts
.M.......  g /etc/pki/ca-trust/extracted/openssl/ca-bundle.trust.crt
.M.......  g /etc/pki/ca-trust/extracted/pem/email-ca-bundle.pem
.M.......  g /etc/pki/ca-trust/extracted/pem/objsign-ca-bundle.pem
.M.......  g /etc/pki/ca-trust/extracted/pem/tls-ca-bundle.pem
....L....  c /etc/pam.d/fingerprint-auth
....L....  c /etc/pam.d/password-auth
....L....  c /etc/pam.d/postlogin
....L....  c /etc/pam.d/smartcard-auth
....L....  c /etc/pam.d/system-auth
.M.......  c /etc/sysconfig/kernel
.M.......  g /var/spool/anacron/cron.daily
.M.......  g /var/spool/anacron/cron.monthly
.M.......  g /var/spool/anacron/cron.weekly
.M.......  c /etc/machine-id
.M.......  g /etc/udev/hwdb.bin
.M.......  g /var/lib/systemd/random-seed
missing     /var/run/wpa_supplicant
.M.......  c /etc/audit/rules.d/audit.rules
S.5....T.  c /etc/NetworkManager/NetworkManager.conf
