Would relabel /root/.gnupg from unconfined_u:object_r:admin_home_t:s0 to unconfined_u:object_r:gpg_secret_t:s0
Would relabel /root/.gnupg/pubring.kbx from unconfined_u:object_r:admin_home_t:s0 to unconfined_u:object_r:gpg_secret_t:s0
Would relabel /root/.gnupg/trustdb.gpg from unconfined_u:object_r:admin_home_t:s0 to unconfined_u:object_r:gpg_secret_t:s0
Would relabel /etc/yum.repos.d/eng.repo from system_u:object_r:unlabeled_t:s0 to system_u:object_r:system_conf_t:s0
Would relabel /etc/yum.repos.d/beaker-AppStream.repo from system_u:object_r:unlabeled_t:s0 to system_u:object_r:system_conf_t:s0
Would relabel /etc/yum.repos.d/beaker-BaseOS.repo from system_u:object_r:unlabeled_t:s0 to system_u:object_r:system_conf_t:s0
Would relabel /etc/insights-client/.insights-core.etag from unconfined_u:object_r:insights_client_etc_t:s0 to unconfined_u:object_r:insights_client_etc_rw_t:s0
Would relabel /etc/insights-client/.insights-core-gpg-sig.etag from unconfined_u:object_r:insights_client_etc_t:s0 to unconfined_u:object_r:insights_client_etc_rw_t:s0
Would relabel /etc/insights-client/.cache.json.asc from unconfined_u:object_r:insights_client_etc_t:s0 to unconfined_u:object_r:insights_client_etc_rw_t:s0
Would relabel /etc/insights-client/.cache.json from unconfined_u:object_r:insights_client_etc_t:s0 to unconfined_u:object_r:insights_client_etc_rw_t:s0
Would relabel /etc/resolv.conf.orig from unconfined_u:object_r:etc_t:s0 to unconfined_u:object_r:net_conf_t:s0
Would relabel /var/lib/random-seed from system_u:object_r:unlabeled_t:s0 to system_u:object_r:random_seed_t:s0